
> vite_react_shadcn_ts@0.0.0 build
> vite build

[36mvite v7.3.1 [32mbuilding client environment for production...[36m[39m
transforming...
node.exe : Browserslist: browsers 
data (caniuse-lite) is 7 months old. 
Please run:
At C:\Program Files\nodejs\npm.ps1:29 
char:3
+   & $NODE_EXE $NPM_CLI_JS $args
+   ~~~~~~~~~~~~~~~~~~~~~~~~~~~~~
    + CategoryInfo          : NotSpec 
   ified: (Browserslist: b...ld. Ple  
  ase run::String) [], RemoteExcept   
 ion
    + FullyQualifiedErrorId : NativeC 
   ommandError
 
  npx update-browserslist-db@latest
  Why you should do it regularly: http
s://github.com/browserslist/update-db#
readme
[32mΓ£ô[39m 28 modules transformed.
[31mΓ£ù[39m Build failed in 1.48s
[31merror during build:
[31m[vite:css] [postcss] E:/our-port/
crimson-code-main/crimson-code-main/sr
c/index.css:85:5: The 
`via-fire-orange` class does not 
exist. If `via-fire-orange` is a 
custom class, make sure it is defined 
within a `@layer` directive.[31m
file: [36mE:/our-port/crimson-code-ma
in/crimson-code-main/src/index.css:85:
4[31m
    at Input.error (E:\our-port\crimso
n-code-main\crimson-code-main\node_mod
ules\postcss\lib\input.js:135:16)
    at AtRule.error (E:\our-port\crims
on-code-main\crimson-code-main\node_mo
dules\postcss\lib\node.js:146:32)
    at processApply (E:\our-port\crims
on-code-main\crimson-code-main\node_mo
dules\tailwindcss\lib\lib\expandApplyA
tRules.js:380:29)
    at E:\our-port\crimson-code-main\c
rimson-code-main\node_modules\tailwind
css\lib\lib\expandApplyAtRules.js:551:
9
    at E:\our-port\crimson-code-main\c
rimson-code-main\node_modules\tailwind
css\lib\processTailwindFeatures.js:55:
50
    at async plugins (E:\our-port\crim
son-code-main\crimson-code-main\node_m
odules\tailwindcss\lib\plugin.js:38:17
)
    at async LazyResult.runAsync (E:\o
ur-port\crimson-code-main\crimson-code
-main\node_modules\postcss\lib\lazy-re
sult.js:293:11)
    at async runPostCSS (file:///E:/ou
r-port/crimson-code-main/crimson-code-
main/node_modules/vite/dist/node/chunk
s/config.js:30145:19)
    at async compilePostCSS (file:///E
:/our-port/crimson-code-main/crimson-c
ode-main/node_modules/vite/dist/node/c
hunks/config.js:30129:6)
    at async compileCSS (file:///E:/ou
r-port/crimson-code-main/crimson-code-
main/node_modules/vite/dist/node/chunk
s/config.js:30059:26)[39m
